[backblue.gif]
[fade.gif]
[index.html]
[localhost_8080/index.php/feed/index.html]
[localhost_8080/index.php/comments/feed/index.html]
[localhost_8080/wp-includes/js/jquery/jquery.minf43b.js]
[localhost_8080/wp-includes/js/jquery/jquery-migrate.min5589.js]
[localhost_8080/index.php/wp-json/wp/v2/pages/8.json]
[localhost_8080/index.php/wp-json/index.html]
[localhost_8080/xmlrpc0db0.php]
[localhost_8080/index.php/wp-json/oembed/1.0/embed2f5c.json]
[localhost_8080/index.php/wp-json/oembed/1.0/embed698f]
[localhost_8080/wp-content/fonts/roboto/KFO7CnqEu92Fr1ME7kSn66aGLdTylUAMa3GUBGEe.woff2]
[localhost_8080/wp-content/fonts/roboto/KFO7CnqEu92Fr1ME7kSn66aGLdTylUAMa3iUBGEe.woff2]
[localhost_8080/wp-content/fonts/roboto/KFO7CnqEu92Fr1ME7kSn66aGLdTylUAMa3CUBGEe.woff2]
[localhost_8080/wp-content/fonts/roboto/KFO7CnqEu92Fr1ME7kSn66aGLdTylUAMa3-UBGEe.woff2]
[localhost_8080/wp-content/fonts/roboto/KFO7CnqEu92Fr1ME7kSn66aGLdTylUAMawCUBGEe.woff2]
[localhost_8080/wp-content/fonts/roboto/KFO7CnqEu92Fr1ME7kSn66aGLdTylUAMaxKUBGEe.woff2]
[localhost_8080/wp-content/fonts/roboto/KFO7CnqEu92Fr1ME7kSn66aGLdTylUAMa3OUBGEe.woff2]
[localhost_8080/wp-content/fonts/roboto/KFO7CnqEu92Fr1ME7kSn66aGLdTylUAMa3KUBGEe.woff2]
[localhost_8080/wp-content/fonts/roboto/KFO7CnqEu92Fr1ME7kSn66aGLdTylUAMa3yUBA.woff2]
[localhost_8080/wp-content/fonts/redacted/Z9XVDmdRShme2O_7aLTX6Oy0lw.woff2]
[localhost_8080/wp-content/fonts/redacted/Z9XVDmdRShme2O_7aLTZ6Ow.woff2]
[localhost_8080/wp-content/uploads/2025/09/New-Project.jpg]
[localhost_8080/wp-content/uploads/2025/09/1757049631574-1024x683.jpg]
[localhost_8080/wp-content/themes/author-personal-blog/assets/js/menu5152.js]
[localhost_8080/wp-content/themes/author-personal-blog/assets/js/active5152.js]
[localhost_8080/index.html]
[gmpg.org/xfn/11.html]
[localhost_8080/index.php/wp-json/wp/v2/pages/10.json]
[localhost_8080/index.php/wp-json/oembed/1.0/embed493c.json]
[localhost_8080/index.php/wp-json/oembed/1.0/embedbb60]
[localhost_8080/index.php/about/index.html]
[localhost_8080/index.php/wp-json/wp/v2/pages/12.json]
[use.fontawesome.com/releases/v5.15.4/css/all.css]
[localhost_8080/index.php/wp-json/oembed/1.0/embedb521.json]
[localhost_8080/index.php/wp-json/oembed/1.0/embed9174]
[localhost_8080/index.php/education/index.html]
[localhost_8080/index.php/wp-json/wp/v2/pages/14.json]
[localhost_8080/index.php/wp-json/oembed/1.0/embed2943.json]
[localhost_8080/index.php/wp-json/oembed/1.0/embed0f26]
[localhost_8080/wp-content/uploads/2025/09/1757049631493.jpg]
[localhost_8080/wp-content/uploads/2025/09/1757049631510.jpg]
[localhost_8080/wp-content/uploads/2025/09/1757049631480.jpg]
[localhost_8080/wp-content/uploads/2025/09/1757049631444.jpg]
[localhost_8080/wp-content/uploads/2025/09/1757049631190.jpg]
[localhost_8080/wp-content/uploads/2025/09/Screenshot-2025-09-06-113852.png]
[localhost_8080/wp-content/uploads/2025/09/Screenshot-2025-09-06-113955.png]
[localhost_8080/wp-content/uploads/2025/09/project.png]
[localhost_8080/wp-content/uploads/2025/09/Screenshot-2025-09-06-114817.png]
[localhost_8080/wp-content/uploads/2025/09/app-interface.png]
[localhost_8080/wp-content/uploads/2025/09/Screenshot-2025-09-06-120029.png]
[localhost_8080/wp-content/uploads/2025/09/photo.png]
[localhost_8080/wp-content/uploads/2025/09/1757049631162-scaled.jpg]
[localhost_8080/wp-content/uploads/2025/09/Screenshot-2025-09-06-121135.png]
[localhost_8080/wp-content/uploads/2025/09/1757049631244.jpg]
[localhost_8080/wp-content/uploads/2025/09/WhatsApp-Image-2025-09-06-at-12.05.37_ec58964a.jpg]
[localhost_8080/wp-content/uploads/2025/09/Screenshot-2025-09-06-122452.png]
[localhost_8080/wp-content/uploads/2025/09/Screenshot-2025-09-06-122513.png]
[localhost_8080/index.php/portfolio/index.html]
[localhost_8080/index.php/wp-json/wp/v2/pages/62.json]
[localhost_8080/index.php/wp-json/oembed/1.0/embedc025.json]
[localhost_8080/index.php/wp-json/oembed/1.0/embed5aec]
[localhost_8080/index.php/skills/index.html]
[localhost_8080/index.php/wp-json/wp/v2/pages/16.json]
[localhost_8080/index.php/wp-json/oembed/1.0/embed1137.json]
[localhost_8080/index.php/wp-json/oembed/1.0/embed805c]
[localhost_8080/wp-content/uploads/2025/09/1757049631421.jpg]
[localhost_8080/wp-content/uploads/2025/09/1757049631396.jpg]
[localhost_8080/wp-content/uploads/2025/09/1757049631388.jpg]
[localhost_8080/wp-content/uploads/2025/09/1757049631378-scaled.jpg]
[localhost_8080/wp-content/uploads/2025/09/1757049631342.jpg]
[localhost_8080/wp-content/uploads/2025/09/WhatsApp-Image-2025-09-06-at-12.56.10_52cded4c.jpg]
[localhost_8080/wp-content/uploads/2025/09/WhatsApp-Image-2025-09-06-at-12.56.12_4fd1a567.jpg]
[localhost_8080/wp-content/uploads/2025/09/WhatsApp-Image-2025-09-06-at-12.58.52_e6883d07.jpg]
[localhost_8080/wp-content/uploads/2025/09/WhatsApp-Image-2025-09-06-at-12.56.11_429a662d.jpg]
[localhost_8080/wp-content/uploads/2025/09/WhatsApp-Image-2025-09-06-at-13.31.02_7dcc3ad2.jpg]
[localhost_8080/wp-content/uploads/2025/09/WhatsApp-Image-2025-09-06-at-13.35.12_7e1ffde2.jpg]
[localhost_8080/wp-content/uploads/2025/09/WhatsApp-Image-2025-09-06-at-13.40.15_e64a9a32.jpg]
[localhost_8080/wp-content/uploads/2025/09/WhatsApp-Image-2025-09-06-at-13.39.33_0a729f21.jpg]
[localhost_8080/index.php/experience/index.html]
[localhost_8080/index.php/wp-json/wp/v2/pages/18.json]
[localhost_8080/index.php/wp-json/oembed/1.0/embed8345.json]
[localhost_8080/index.php/wp-json/oembed/1.0/embedf006]
[localhost_8080/index.php/contact/index.html]
[localhost_8080/about.html]
[localhost_8080/education.html]
[localhost_8080/experience.html]
[localhost_8080/portfolio.html]
[localhost_8080/skills.html]
[localhost_8080/contact.html]
[gmpg.org/xfn/.html]
[gmpg.org/xfn/intro.html]
[gmpg.org/xfn/faq.html]
[localhost_8080/index64b4.html]
[localhost_8080/index678b.html]
[localhost_8080/index0b69.html]
[localhost_8080/index5c36.html]
[localhost_8080/index0e62.html]
[localhost_8080/index0735.html]
[localhost_8080/wp-includes/css/dist/block-library/style.min6c2d.css]
[localhost_8080/index.php/wp-json/index.html]
[localhost_8080/index.php/wp-json/wp/v2/pages/8.json]
[localhost_8080/wp-content/themes/author-personal-blog/fonts/Roboto-LightItalic.woff2]
[localhost_8080/wp-content/themes/author-personal-blog/fonts/Roboto-LightItalic.woff]
[localhost_8080/wp-content/themes/author-personal-blog/fonts/Roboto-Italic.woff2]
[localhost_8080/wp-content/themes/author-personal-blog/fonts/Roboto-Italic.woff]
[localhost_8080/wp-content/themes/author-personal-blog/fonts/Roboto-Light.woff2]
[localhost_8080/wp-content/themes/author-personal-blog/fonts/Roboto-Light.woff]
[localhost_8080/wp-content/themes/author-personal-blog/fonts/Roboto-MediumItalic.woff2]
[localhost_8080/wp-content/themes/author-personal-blog/fonts/Roboto-MediumItalic.woff]
[localhost_8080/wp-content/themes/author-personal-blog/fonts/Roboto-BoldItalic.woff2]
[localhost_8080/wp-content/themes/author-personal-blog/fonts/Roboto-BoldItalic.woff]
[localhost_8080/wp-content/themes/author-personal-blog/fonts/Roboto-ThinItalic.woff2]
[localhost_8080/wp-content/themes/author-personal-blog/fonts/Roboto-ThinItalic.woff]
[localhost_8080/wp-content/themes/author-personal-blog/fonts/Roboto-Bold.woff2]
[localhost_8080/wp-content/themes/author-personal-blog/fonts/Roboto-Bold.woff]
[localhost_8080/wp-content/themes/author-personal-blog/fonts/Roboto-Thin.woff2]
[localhost_8080/wp-content/themes/author-personal-blog/fonts/Roboto-Thin.woff]
[localhost_8080/wp-content/themes/author-personal-blog/fonts/Roboto-Medium.woff2]
[localhost_8080/wp-content/themes/author-personal-blog/fonts/Roboto-Medium.woff]
[localhost_8080/wp-content/themes/author-personal-blog/fonts/Roboto-Black.woff2]
[localhost_8080/wp-content/themes/author-personal-blog/fonts/Roboto-Black.woff]
[localhost_8080/wp-content/themes/author-personal-blog/fonts/Roboto-BlackItalic.woff2]
[localhost_8080/index.php/wp-json/wp/v2/pages/10.json]
[localhost_8080/wp-content/themes/author-personal-blog/fonts/Roboto-BlackItalic.woff]
[localhost_8080/wp-content/themes/author-personal-blog/fonts/Roboto-Regular.woff2]
[localhost_8080/wp-content/themes/author-personal-blog/fonts/Roboto-Regular.woff]
[localhost_8080/wp-content/themes/author-personal-blog/style6c2d.css]
[localhost_8080/wp-content/themes/author-personal-blog/assets/css/bootstrap-grid6c2d.css]
[localhost_8080/index.php/wp-json/wp/v2/pages/14.json]
[localhost_8080/wp-content/themes/author-personal-blog/assets/icons/fonts/rswpthemes-icons6840.eot]
[localhost_8080/wp-content/themes/author-personal-blog/assets/icons/fonts/rswpthemes-icons6840.ttf]
[localhost_8080/wp-content/themes/author-personal-blog/assets/icons/fonts/rswpthemes-icons6840.woff]
[localhost_8080/wp-content/themes/author-personal-blog/assets/icons/icons6c2d.css]
[localhost_8080/wp-content/themes/author-personal-blog/assets/blocks-style/block-styles6c2d.css]
[localhost_8080/index.php/about/index.html]
[localhost_8080/about.html]
[gmpg.org/xfn/default.css]
[localhost_8080/index.php/wp-json/wp/v2/pages/16.json]
[localhost_8080/index64b4.html]
[use.fontawesome.com/releases/v5.15.4/webfonts/fa-brands-400.svg]
[use.fontawesome.com/releases/v5.15.4/css/all.css]
[localhost_8080/index678b.html]
[use.fontawesome.com/releases/v5.15.4/webfonts/fa-regular-400.svg]
[localhost_8080/index0b69.html]
[localhost_8080/index5c36.html]
[localhost_8080/index0e62.html]
[localhost_8080/index0735.html]
[localhost_8080/wp-content/themes/author-personal-blog/assets/icons/fonts/rswpthemes-icons6840.svg]
[use.fontawesome.com/releases/v5.15.4/webfonts/fa-brands-400.svg]
[use.fontawesome.com/releases/v5.15.4/webfonts/fa-regular-400.svg]
[use.fontawesome.com/releases/v5.15.4/webfonts/fa-solid-900.svg]
[use.fontawesome.com/releases/v5.15.4/webfonts/fa-solid-900.svg]
